// Jest Snapshot v1, https://goo.gl/fbAQLP

exports[`APP should render the component 1`] = `
<DocumentFragment>
  <div>
    <div>
      <nav
        class="nav navbar navbar-expand-lg navbar-dark"
      >
        <a
          class="navbar-brand"
          href="#home"
        >
          Phantom
        </a>
        <button
          aria-controls="responsive-navbar-nav"
          aria-label="Toggle navigation"
          class="navbar-toggler collapsed"
          type="button"
        >
          <span
            class="navbar-toggler-icon"
          />
        </button>
        <div
          class="navbar-collapse collapse"
          id="responsive-navbar-nav"
        >
          <div
            class="justify-content-end navbar-nav"
          >
            <div
              class="nav_link nav-item"
            >
              <a
                class="nav-link"
                data-rb-event-key="#"
                href="#"
                role="button"
              >
                Home
              </a>
            </div>
            <div
              class="nav-item"
            >
              <a
                class="nav-link"
                data-rb-event-key="AboutUs"
                href="AboutUs"
              >
                About
              </a>
            </div>
            <div
              class="nav-item"
            >
              <a
                class="nav-link"
                data-rb-event-key="/ContactUs"
                href="/ContactUs"
              >
                Contact
              </a>
            </div>
            <div
              class="nav-item"
            >
              <a
                class="nav-link"
                data-rb-event-key="/login"
                href="/login"
              >
                Login
              </a>
            </div>
          </div>
        </div>
        <form
          class=""
        >
          <select
            class="form-control"
          >
            <option>
              English
            </option>
            <option>
              Francais
            </option>
            <option>
              Kinyarwanda
            </option>
          </select>
        </form>
      </nav>
      <div
        class="purposeApp"
      >
        <h1
          class="purposeApp__title"
        >
          Welcome to Phantom App
        </h1>
        <input
          class="travelBtn btn btn-primary"
          type="submit"
          value="Travel with Us"
        />
         
        <div
          class="purposeApp__card"
        >
          <div
            class="about"
          >
            <p>
              Track your bus with us wherever you’re in Kigali and explore the city without  going on the bus-stop lines
            </p>
          </div>
          <div
            class="about"
          >
            <p>
              Give us both your destination and location; we’ll help you know when the bus will pick you.
            </p>
          </div>
        </div>
      </div>
      <form
        class="search"
      >
        <select
          class="origin"
        >
          <option
            disabled=""
          >
            Origin
          </option>
          <option>
            Nyabugogo
          </option>
          <option>
            Downtown
          </option>
          <option>
            Kacyiru
          </option>
          <option>
            Remera
          </option>
        </select>
        <select
          class="destination"
        >
          <option
            disabled=""
          >
            Destination
          </option>
          <option>
            Kimironko
          </option>
          <option>
            Downtown
          </option>
          <option>
            Kacyiru
          </option>
          <option>
            Remera
          </option>
        </select>
        <button
          class="searchBtn"
          type="submit"
        >
          <i
            class="fa fa-search"
          />
           Search
        </button>
      </form>
      <div
        class="patterns_with"
      >
        <h3
          class="patterns_title"
        >
          Our Parteners
        </h3>
        <div
          class="patterns_card"
        >
          <div
            class="patterns"
          >
            <p>
              RFTC
            </p>
          </div>
          <div
            class="patterns"
          >
            <p>
              Royal
            </p>
          </div>
          <div
            class="patterns"
          >
            <p>
              AC Group ltd
            </p>
          </div>
        </div>
      </div>
      <div
        class="footer"
      >
        <div
          class="footer_links"
        >
          <div
            class="footer_quick_link"
          >
            <a
              class="footer_links"
              href="/about"
            >
               Abouts  
            </a>
            <a
              class="footer_links"
              href="/about"
            >
               services  
            </a>
            <a
              class="footer_links"
              href="/about"
            >
               Terms and Conditions 
            </a>
          </div>
          <div
            class="social-media"
          >
            <h4>
              Follows us on
            </h4>
            <span>
              <a
                href="#"
              >
                <i
                  class="fa fa-facebook"
                />
              </a>
            </span>
             
            <span>
              <a
                href="#"
              >
                <i
                  class="fa fa-twitter"
                />
              </a>
            </span>
             
            <span>
              <a
                href="#"
              >
                <i
                  class="fa fa-instagram"
                />
              </a>
            </span>
             
          </div>
          <div
            class="address"
          >
            <h5>
              Contacts
            </h5>
            <h4>
              <i
                class="fa fa-phone"
              />
                +(250)787-423-277
            </h4>
            <h4>
              <i
                class="fa fa-envelope"
              />
               phantom@gmail.com
            </h4>
          </div>
        </div>
        <hr />
        <div
          class="copyrights"
        >
          <h3>
            © Copyrights reserved 2020.
          </h3>
        </div>
      </div>
    </div>
  </div>
</DocumentFragment>
`;
